[decoder.train] AAPL: 共 1223 天可訓練樣本（Z_fused ∩ y_belief），train=856 val=183 test=184（依時間序切分，不打散）
[decoder.train] --resume：前面已完成 2 個 epoch（best_val=0.9306 @ epoch 2），從 epoch 3 接著練
trainable params: 39,976,960 || all params: 6,778,392,576 || trainable%: 0.5898
  epoch 3/3 step 0 L_belief=0.4293 lr=9.52e-06
  epoch 3/3 step 1 L_belief=0.5521 lr=1.90e-05
  epoch 3/3 step 2 L_belief=0.4851 lr=2.86e-05
  epoch 3/3 step 3 L_belief=0.4691 lr=3.81e-05
  epoch 3/3 step 4 L_belief=0.4616 lr=4.76e-05
  epoch 3/3 step 5 L_belief=0.5564 lr=5.71e-05
  epoch 3/3 step 6 L_belief=0.5151 lr=6.67e-05
  epoch 3/3 step 7 L_belief=0.4421 lr=7.62e-05
  epoch 3/3 step 8 L_belief=0.4281 lr=8.57e-05
  epoch 3/3 step 9 L_belief=0.4569 lr=9.52e-05
  epoch 3/3 step 10 L_belief=0.4674 lr=1.05e-04
  epoch 3/3 step 11 L_belief=0.5342 lr=1.14e-04
  epoch 3/3 step 12 L_belief=0.4905 lr=1.24e-04
  epoch 3/3 step 13 L_belief=0.5545 lr=1.33e-04
  epoch 3/3 step 14 L_belief=0.4628 lr=1.43e-04
  epoch 3/3 step 15 L_belief=0.4649 lr=1.52e-04
  epoch 3/3 step 16 L_belief=0.5211 lr=1.62e-04
  epoch 3/3 step 17 L_belief=0.6095 lr=1.71e-04
  epoch 3/3 step 18 L_belief=0.4647 lr=1.81e-04
  epoch 3/3 step 19 L_belief=0.4620 lr=1.90e-04
  epoch 3/3 step 20 L_belief=0.4497 lr=2.00e-04
  epoch 3/3 step 21 L_belief=0.4717 lr=2.00e-04
  epoch 3/3 step 22 L_belief=0.5178 lr=2.00e-04
  epoch 3/3 step 23 L_belief=0.6457 lr=2.00e-04
  epoch 3/3 step 24 L_belief=0.5329 lr=2.00e-04
  epoch 3/3 step 25 L_belief=0.5181 lr=2.00e-04
  epoch 3/3 step 26 L_belief=0.4356 lr=2.00e-04
  epoch 3/3 step 27 L_belief=0.5463 lr=2.00e-04
  epoch 3/3 step 28 L_belief=0.4546 lr=2.00e-04
  epoch 3/3 step 29 L_belief=0.5769 lr=2.00e-04
  epoch 3/3 step 30 L_belief=0.5081 lr=2.00e-04
  epoch 3/3 step 31 L_belief=0.4878 lr=2.00e-04
  epoch 3/3 step 32 L_belief=0.4996 lr=2.00e-04
  epoch 3/3 step 33 L_belief=0.5325 lr=1.99e-04
  epoch 3/3 step 34 L_belief=0.5943 lr=1.99e-04
  epoch 3/3 step 35 L_belief=0.4562 lr=1.99e-04
  epoch 3/3 step 36 L_belief=0.3904 lr=1.99e-04
  epoch 3/3 step 37 L_belief=0.5049 lr=1.99e-04
  epoch 3/3 step 38 L_belief=0.6334 lr=1.99e-04
  epoch 3/3 step 39 L_belief=0.4214 lr=1.99e-04
  epoch 3/3 step 40 L_belief=0.5525 lr=1.99e-04
  epoch 3/3 step 41 L_belief=0.5612 lr=1.99e-04
  epoch 3/3 step 42 L_belief=0.5518 lr=1.99e-04
  epoch 3/3 step 43 L_belief=0.5040 lr=1.98e-04
  epoch 3/3 step 44 L_belief=0.6325 lr=1.98e-04
  epoch 3/3 step 45 L_belief=0.5255 lr=1.98e-04
  epoch 3/3 step 46 L_belief=0.6215 lr=1.98e-04
  epoch 3/3 step 47 L_belief=0.4677 lr=1.98e-04
  epoch 3/3 step 48 L_belief=0.4787 lr=1.98e-04
  epoch 3/3 step 49 L_belief=0.4470 lr=1.98e-04
  epoch 3/3 step 50 L_belief=0.5902 lr=1.97e-04
  epoch 3/3 step 51 L_belief=0.5689 lr=1.97e-04
  epoch 3/3 step 52 L_belief=0.5470 lr=1.97e-04
  epoch 3/3 step 53 L_belief=0.5353 lr=1.97e-04
  epoch 3/3 step 54 L_belief=0.5481 lr=1.97e-04
  epoch 3/3 step 55 L_belief=0.5162 lr=1.96e-04
  epoch 3/3 step 56 L_belief=0.4554 lr=1.96e-04
  epoch 3/3 step 57 L_belief=0.5599 lr=1.96e-04
  epoch 3/3 step 58 L_belief=0.5117 lr=1.96e-04
  epoch 3/3 step 59 L_belief=0.4948 lr=1.96e-04
  epoch 3/3 step 60 L_belief=0.5512 lr=1.95e-04
  epoch 3/3 step 61 L_belief=0.6134 lr=1.95e-04
  epoch 3/3 step 62 L_belief=0.5551 lr=1.95e-04
  epoch 3/3 step 63 L_belief=0.5112 lr=1.95e-04
  epoch 3/3 step 64 L_belief=0.6083 lr=1.94e-04
  epoch 3/3 step 65 L_belief=0.5362 lr=1.94e-04
  epoch 3/3 step 66 L_belief=0.4773 lr=1.94e-04
  epoch 3/3 step 67 L_belief=0.5491 lr=1.93e-04
  epoch 3/3 step 68 L_belief=0.5374 lr=1.93e-04
  epoch 3/3 step 69 L_belief=0.5423 lr=1.93e-04
  epoch 3/3 step 70 L_belief=0.4989 lr=1.93e-04
  epoch 3/3 step 71 L_belief=0.4485 lr=1.92e-04
  epoch 3/3 step 72 L_belief=0.6201 lr=1.92e-04
  epoch 3/3 step 73 L_belief=0.6092 lr=1.92e-04
  epoch 3/3 step 74 L_belief=0.4739 lr=1.91e-04
  epoch 3/3 step 75 L_belief=0.5015 lr=1.91e-04
  epoch 3/3 step 76 L_belief=0.5343 lr=1.91e-04
  epoch 3/3 step 77 L_belief=0.4809 lr=1.90e-04
  epoch 3/3 step 78 L_belief=0.4981 lr=1.90e-04
  epoch 3/3 step 79 L_belief=0.6209 lr=1.90e-04
  epoch 3/3 step 80 L_belief=0.5569 lr=1.89e-04
  epoch 3/3 step 81 L_belief=0.5431 lr=1.89e-04
  epoch 3/3 step 82 L_belief=0.5867 lr=1.89e-04
  epoch 3/3 step 83 L_belief=0.5927 lr=1.88e-04
  epoch 3/3 step 84 L_belief=0.5740 lr=1.88e-04
  epoch 3/3 step 85 L_belief=0.5294 lr=1.88e-04
  epoch 3/3 step 86 L_belief=0.4597 lr=1.87e-04
  epoch 3/3 step 87 L_belief=0.5369 lr=1.87e-04
  epoch 3/3 step 88 L_belief=0.4904 lr=1.87e-04
  epoch 3/3 step 89 L_belief=0.5779 lr=1.86e-04
  epoch 3/3 step 90 L_belief=0.6222 lr=1.86e-04
  epoch 3/3 step 91 L_belief=0.5698 lr=1.85e-04
  epoch 3/3 step 92 L_belief=0.5121 lr=1.85e-04
  epoch 3/3 step 93 L_belief=0.5169 lr=1.85e-04
  epoch 3/3 step 94 L_belief=0.6152 lr=1.84e-04
  epoch 3/3 step 95 L_belief=0.5193 lr=1.84e-04
  epoch 3/3 step 96 L_belief=0.5024 lr=1.83e-04
  epoch 3/3 step 97 L_belief=0.5148 lr=1.83e-04
  epoch 3/3 step 98 L_belief=0.5128 lr=1.82e-04
  epoch 3/3 step 99 L_belief=0.6623 lr=1.82e-04
  epoch 3/3 step 100 L_belief=0.6659 lr=1.82e-04
  epoch 3/3 step 101 L_belief=0.5480 lr=1.81e-04
  epoch 3/3 step 102 L_belief=0.5221 lr=1.81e-04
  epoch 3/3 step 103 L_belief=0.5479 lr=1.80e-04
  epoch 3/3 step 104 L_belief=0.4261 lr=1.80e-04
  epoch 3/3 step 105 L_belief=0.5375 lr=1.79e-04
  epoch 3/3 step 106 L_belief=0.6144 lr=1.79e-04
  epoch 3/3 step 107 L_belief=0.6459 lr=1.78e-04
  epoch 3/3 step 108 L_belief=0.5862 lr=1.78e-04
  epoch 3/3 step 109 L_belief=0.5569 lr=1.77e-04
  epoch 3/3 step 110 L_belief=0.5426 lr=1.77e-04
  epoch 3/3 step 111 L_belief=0.4805 lr=1.76e-04
  epoch 3/3 step 112 L_belief=0.5288 lr=1.76e-04
  epoch 3/3 step 113 L_belief=0.5452 lr=1.75e-04
  epoch 3/3 step 114 L_belief=0.6778 lr=1.75e-04
  epoch 3/3 step 115 L_belief=0.6519 lr=1.74e-04
  epoch 3/3 step 116 L_belief=0.6352 lr=1.74e-04
  epoch 3/3 step 117 L_belief=0.5157 lr=1.73e-04
  epoch 3/3 step 118 L_belief=0.6785 lr=1.73e-04
  epoch 3/3 step 119 L_belief=0.5706 lr=1.72e-04
  epoch 3/3 step 120 L_belief=0.6362 lr=1.72e-04
  epoch 3/3 step 121 L_belief=0.5171 lr=1.71e-04
  epoch 3/3 step 122 L_belief=0.4556 lr=1.71e-04
  epoch 3/3 step 123 L_belief=0.6214 lr=1.70e-04
  epoch 3/3 step 124 L_belief=0.5515 lr=1.69e-04
  epoch 3/3 step 125 L_belief=0.4515 lr=1.69e-04
  epoch 3/3 step 126 L_belief=0.5347 lr=1.68e-04
  epoch 3/3 step 127 L_belief=0.5526 lr=1.68e-04
  epoch 3/3 step 128 L_belief=0.5595 lr=1.67e-04
  epoch 3/3 step 129 L_belief=0.5584 lr=1.67e-04
  epoch 3/3 step 130 L_belief=0.5290 lr=1.66e-04
  epoch 3/3 step 131 L_belief=0.5449 lr=1.65e-04
  epoch 3/3 step 132 L_belief=0.6759 lr=1.65e-04
  epoch 3/3 step 133 L_belief=0.4972 lr=1.64e-04
  epoch 3/3 step 134 L_belief=0.4902 lr=1.64e-04
  epoch 3/3 step 135 L_belief=0.4766 lr=1.63e-04
  epoch 3/3 step 136 L_belief=0.5301 lr=1.63e-04
  epoch 3/3 step 137 L_belief=0.5419 lr=1.62e-04
  epoch 3/3 step 138 L_belief=0.5551 lr=1.61e-04
  epoch 3/3 step 139 L_belief=0.4781 lr=1.61e-04
  epoch 3/3 step 140 L_belief=0.6107 lr=1.60e-04
  epoch 3/3 step 141 L_belief=0.5597 lr=1.59e-04
  epoch 3/3 step 142 L_belief=0.5637 lr=1.59e-04
  epoch 3/3 step 143 L_belief=0.4708 lr=1.58e-04
  epoch 3/3 step 144 L_belief=0.4149 lr=1.58e-04
  epoch 3/3 step 145 L_belief=0.5975 lr=1.57e-04
  epoch 3/3 step 146 L_belief=0.5494 lr=1.56e-04
  epoch 3/3 step 147 L_belief=0.5142 lr=1.56e-04
  epoch 3/3 step 148 L_belief=0.5233 lr=1.55e-04
  epoch 3/3 step 149 L_belief=0.4565 lr=1.54e-04
  epoch 3/3 step 150 L_belief=0.5378 lr=1.54e-04
  epoch 3/3 step 151 L_belief=0.5188 lr=1.53e-04
  epoch 3/3 step 152 L_belief=0.5646 lr=1.52e-04
  epoch 3/3 step 153 L_belief=0.5399 lr=1.52e-04
  epoch 3/3 step 154 L_belief=0.5319 lr=1.51e-04
  epoch 3/3 step 155 L_belief=0.5381 lr=1.50e-04
  epoch 3/3 step 156 L_belief=0.5922 lr=1.50e-04
  epoch 3/3 step 157 L_belief=0.4867 lr=1.49e-04
  epoch 3/3 step 158 L_belief=0.5110 lr=1.48e-04
  epoch 3/3 step 159 L_belief=0.4777 lr=1.48e-04
  epoch 3/3 step 160 L_belief=0.5769 lr=1.47e-04
  epoch 3/3 step 161 L_belief=0.4760 lr=1.46e-04
  epoch 3/3 step 162 L_belief=0.4843 lr=1.46e-04
  epoch 3/3 step 163 L_belief=0.5734 lr=1.45e-04
  epoch 3/3 step 164 L_belief=0.5727 lr=1.44e-04
  epoch 3/3 step 165 L_belief=0.5052 lr=1.44e-04
  epoch 3/3 step 166 L_belief=0.6464 lr=1.43e-04
  epoch 3/3 step 167 L_belief=0.5074 lr=1.42e-04
  epoch 3/3 step 168 L_belief=0.5872 lr=1.42e-04
  epoch 3/3 step 169 L_belief=0.5491 lr=1.41e-04
  epoch 3/3 step 170 L_belief=0.6229 lr=1.40e-04
  epoch 3/3 step 171 L_belief=0.5561 lr=1.39e-04
  epoch 3/3 step 172 L_belief=0.5026 lr=1.39e-04
  epoch 3/3 step 173 L_belief=0.4944 lr=1.38e-04
  epoch 3/3 step 174 L_belief=0.4181 lr=1.37e-04
  epoch 3/3 step 175 L_belief=0.5183 lr=1.37e-04
  epoch 3/3 step 176 L_belief=0.5048 lr=1.36e-04
  epoch 3/3 step 177 L_belief=0.5381 lr=1.35e-04
  epoch 3/3 step 178 L_belief=0.7046 lr=1.34e-04
  epoch 3/3 step 179 L_belief=0.7032 lr=1.34e-04
  epoch 3/3 step 180 L_belief=0.5729 lr=1.33e-04
  epoch 3/3 step 181 L_belief=0.5747 lr=1.32e-04
  epoch 3/3 step 182 L_belief=0.6046 lr=1.31e-04
  epoch 3/3 step 183 L_belief=0.6594 lr=1.31e-04
  epoch 3/3 step 184 L_belief=0.5749 lr=1.30e-04
  epoch 3/3 step 185 L_belief=0.4706 lr=1.29e-04
  epoch 3/3 step 186 L_belief=0.5385 lr=1.29e-04
  epoch 3/3 step 187 L_belief=0.6372 lr=1.28e-04
  epoch 3/3 step 188 L_belief=0.4412 lr=1.27e-04
  epoch 3/3 step 189 L_belief=0.5644 lr=1.26e-04
  epoch 3/3 step 190 L_belief=0.4878 lr=1.26e-04
  epoch 3/3 step 191 L_belief=0.6150 lr=1.25e-04
  epoch 3/3 step 192 L_belief=0.5288 lr=1.24e-04
  epoch 3/3 step 193 L_belief=0.5785 lr=1.23e-04
  epoch 3/3 step 194 L_belief=0.6267 lr=1.23e-04
  epoch 3/3 step 195 L_belief=0.5234 lr=1.22e-04
  epoch 3/3 step 196 L_belief=0.5031 lr=1.21e-04
  epoch 3/3 step 197 L_belief=0.6274 lr=1.20e-04
  epoch 3/3 step 198 L_belief=0.8031 lr=1.20e-04
  epoch 3/3 step 199 L_belief=0.6134 lr=1.19e-04
  epoch 3/3 step 200 L_belief=0.5267 lr=1.18e-04
  epoch 3/3 step 201 L_belief=0.5557 lr=1.17e-04
  epoch 3/3 step 202 L_belief=0.5134 lr=1.17e-04
  epoch 3/3 step 203 L_belief=0.4074 lr=1.16e-04
  epoch 3/3 step 204 L_belief=0.5486 lr=1.15e-04
  epoch 3/3 step 205 L_belief=0.6579 lr=1.14e-04
  epoch 3/3 step 206 L_belief=0.5272 lr=1.13e-04
  epoch 3/3 step 207 L_belief=0.4392 lr=1.13e-04
  epoch 3/3 step 208 L_belief=0.5664 lr=1.12e-04
  epoch 3/3 step 209 L_belief=0.5357 lr=1.11e-04
  epoch 3/3 step 210 L_belief=0.6427 lr=1.10e-04
  epoch 3/3 step 211 L_belief=0.5649 lr=1.10e-04
  epoch 3/3 step 212 L_belief=0.4789 lr=1.09e-04
  epoch 3/3 step 213 L_belief=0.4408 lr=1.08e-04
  epoch 3/3 step 214 L_belief=0.6032 lr=1.07e-04
  epoch 3/3 step 215 L_belief=0.5681 lr=1.07e-04
  epoch 3/3 step 216 L_belief=0.6012 lr=1.06e-04
  epoch 3/3 step 217 L_belief=0.5956 lr=1.05e-04
  epoch 3/3 step 218 L_belief=0.5333 lr=1.04e-04
  epoch 3/3 step 219 L_belief=0.5001 lr=1.03e-04
  epoch 3/3 step 220 L_belief=0.5465 lr=1.03e-04
  epoch 3/3 step 221 L_belief=0.4362 lr=1.02e-04
  epoch 3/3 step 222 L_belief=0.4987 lr=1.01e-04
  epoch 3/3 step 223 L_belief=0.5317 lr=1.00e-04
  epoch 3/3 step 224 L_belief=0.5128 lr=9.96e-05
  epoch 3/3 step 225 L_belief=0.4826 lr=9.88e-05
  epoch 3/3 step 226 L_belief=0.5309 lr=9.81e-05
  epoch 3/3 step 227 L_belief=0.4484 lr=9.73e-05
  epoch 3/3 step 228 L_belief=0.5493 lr=9.65e-05
  epoch 3/3 step 229 L_belief=0.5766 lr=9.58e-05
  epoch 3/3 step 230 L_belief=0.6718 lr=9.50e-05
  epoch 3/3 step 231 L_belief=0.5547 lr=9.42e-05
  epoch 3/3 step 232 L_belief=0.5776 lr=9.34e-05
  epoch 3/3 step 233 L_belief=0.4734 lr=9.27e-05
  epoch 3/3 step 234 L_belief=0.5500 lr=9.19e-05
  epoch 3/3 step 235 L_belief=0.6152 lr=9.11e-05
  epoch 3/3 step 236 L_belief=0.6915 lr=9.04e-05
  epoch 3/3 step 237 L_belief=0.4841 lr=8.96e-05
  epoch 3/3 step 238 L_belief=0.4589 lr=8.88e-05
  epoch 3/3 step 239 L_belief=0.5051 lr=8.81e-05
  epoch 3/3 step 240 L_belief=0.5659 lr=8.73e-05
  epoch 3/3 step 241 L_belief=0.6285 lr=8.65e-05
  epoch 3/3 step 242 L_belief=0.5215 lr=8.58e-05
  epoch 3/3 step 243 L_belief=0.5412 lr=8.50e-05
  epoch 3/3 step 244 L_belief=0.5239 lr=8.42e-05
  epoch 3/3 step 245 L_belief=0.5284 lr=8.35e-05
  epoch 3/3 step 246 L_belief=0.4719 lr=8.27e-05
  epoch 3/3 step 247 L_belief=0.6532 lr=8.20e-05
  epoch 3/3 step 248 L_belief=0.5001 lr=8.12e-05
  epoch 3/3 step 249 L_belief=0.4853 lr=8.04e-05
  epoch 3/3 step 250 L_belief=0.6228 lr=7.97e-05
  epoch 3/3 step 251 L_belief=0.5065 lr=7.89e-05
  epoch 3/3 step 252 L_belief=0.4449 lr=7.82e-05
  epoch 3/3 step 253 L_belief=0.5182 lr=7.74e-05
  epoch 3/3 step 254 L_belief=0.4774 lr=7.67e-05
  epoch 3/3 step 255 L_belief=0.4529 lr=7.59e-05
  epoch 3/3 step 256 L_belief=0.4551 lr=7.52e-05
  epoch 3/3 step 257 L_belief=0.5038 lr=7.44e-05
  epoch 3/3 step 258 L_belief=0.6011 lr=7.37e-05
  epoch 3/3 step 259 L_belief=0.5591 lr=7.29e-05
  epoch 3/3 step 260 L_belief=0.5190 lr=7.22e-05
  epoch 3/3 step 261 L_belief=0.6453 lr=7.15e-05
  epoch 3/3 step 262 L_belief=0.4769 lr=7.07e-05
  epoch 3/3 step 263 L_belief=0.5215 lr=7.00e-05
  epoch 3/3 step 264 L_belief=0.4735 lr=6.92e-05
  epoch 3/3 step 265 L_belief=0.5744 lr=6.85e-05
  epoch 3/3 step 266 L_belief=0.5557 lr=6.78e-05
  epoch 3/3 step 267 L_belief=0.6218 lr=6.71e-05
  epoch 3/3 step 268 L_belief=0.6245 lr=6.63e-05
  epoch 3/3 step 269 L_belief=0.4129 lr=6.56e-05
  epoch 3/3 step 270 L_belief=0.4405 lr=6.49e-05
  epoch 3/3 step 271 L_belief=0.6544 lr=6.42e-05
  epoch 3/3 step 272 L_belief=0.4763 lr=6.34e-05
  epoch 3/3 step 273 L_belief=0.5909 lr=6.27e-05
  epoch 3/3 step 274 L_belief=0.4866 lr=6.20e-05
  epoch 3/3 step 275 L_belief=0.6610 lr=6.13e-05
  epoch 3/3 step 276 L_belief=0.4597 lr=6.06e-05
  epoch 3/3 step 277 L_belief=0.5173 lr=5.99e-05
  epoch 3/3 step 278 L_belief=0.5373 lr=5.92e-05
  epoch 3/3 step 279 L_belief=0.4485 lr=5.85e-05
  epoch 3/3 step 280 L_belief=0.4999 lr=5.78e-05
  epoch 3/3 step 281 L_belief=0.5786 lr=5.71e-05
  epoch 3/3 step 282 L_belief=0.4531 lr=5.64e-05
  epoch 3/3 step 283 L_belief=0.5293 lr=5.57e-05
  epoch 3/3 step 284 L_belief=0.5359 lr=5.50e-05
  epoch 3/3 step 285 L_belief=0.5294 lr=5.43e-05
  epoch 3/3 step 286 L_belief=0.5614 lr=5.36e-05
  epoch 3/3 step 287 L_belief=0.6141 lr=5.29e-05
  epoch 3/3 step 288 L_belief=0.4546 lr=5.22e-05
  epoch 3/3 step 289 L_belief=0.2944 lr=5.16e-05
  epoch 3/3 step 290 L_belief=0.5144 lr=5.09e-05
  epoch 3/3 step 291 L_belief=0.5520 lr=5.02e-05
  epoch 3/3 step 292 L_belief=0.5187 lr=4.96e-05
  epoch 3/3 step 293 L_belief=0.5105 lr=4.89e-05
  epoch 3/3 step 294 L_belief=0.4578 lr=4.82e-05
  epoch 3/3 step 295 L_belief=0.4907 lr=4.76e-05
  epoch 3/3 step 296 L_belief=0.4093 lr=4.69e-05
  epoch 3/3 step 297 L_belief=0.5836 lr=4.63e-05
  epoch 3/3 step 298 L_belief=0.5890 lr=4.56e-05
  epoch 3/3 step 299 L_belief=0.5877 lr=4.50e-05
  epoch 3/3 step 300 L_belief=0.5014 lr=4.43e-05
  epoch 3/3 step 301 L_belief=0.3954 lr=4.37e-05
  epoch 3/3 step 302 L_belief=0.5062 lr=4.30e-05
  epoch 3/3 step 303 L_belief=0.4795 lr=4.24e-05
  epoch 3/3 step 304 L_belief=0.6388 lr=4.18e-05
  epoch 3/3 step 305 L_belief=0.4079 lr=4.12e-05
  epoch 3/3 step 306 L_belief=0.4982 lr=4.05e-05
  epoch 3/3 step 307 L_belief=0.4432 lr=3.99e-05
  epoch 3/3 step 308 L_belief=0.4149 lr=3.93e-05
  epoch 3/3 step 309 L_belief=0.5097 lr=3.87e-05
  epoch 3/3 step 310 L_belief=0.6704 lr=3.81e-05
  epoch 3/3 step 311 L_belief=0.5703 lr=3.75e-05
  epoch 3/3 step 312 L_belief=0.4109 lr=3.69e-05
  epoch 3/3 step 313 L_belief=0.5086 lr=3.63e-05
  epoch 3/3 step 314 L_belief=0.4511 lr=3.57e-05
  epoch 3/3 step 315 L_belief=0.4307 lr=3.51e-05
  epoch 3/3 step 316 L_belief=0.5024 lr=3.45e-05
  epoch 3/3 step 317 L_belief=0.4773 lr=3.39e-05
  epoch 3/3 step 318 L_belief=0.4717 lr=3.34e-05
  epoch 3/3 step 319 L_belief=0.5185 lr=3.28e-05
  epoch 3/3 step 320 L_belief=0.4309 lr=3.22e-05
  epoch 3/3 step 321 L_belief=0.5253 lr=3.16e-05
  epoch 3/3 step 322 L_belief=0.4764 lr=3.11e-05
  epoch 3/3 step 323 L_belief=0.4949 lr=3.05e-05
  epoch 3/3 step 324 L_belief=0.4008 lr=3.00e-05
  epoch 3/3 step 325 L_belief=0.6052 lr=2.94e-05
  epoch 3/3 step 326 L_belief=0.4751 lr=2.89e-05
  epoch 3/3 step 327 L_belief=0.5528 lr=2.83e-05
  epoch 3/3 step 328 L_belief=0.4556 lr=2.78e-05
  epoch 3/3 step 329 L_belief=0.4696 lr=2.73e-05
  epoch 3/3 step 330 L_belief=0.4942 lr=2.67e-05
  epoch 3/3 step 331 L_belief=0.4571 lr=2.62e-05
  epoch 3/3 step 332 L_belief=0.6138 lr=2.57e-05
  epoch 3/3 step 333 L_belief=0.4953 lr=2.52e-05
  epoch 3/3 step 334 L_belief=0.7077 lr=2.47e-05
  epoch 3/3 step 335 L_belief=0.4870 lr=2.42e-05
  epoch 3/3 step 336 L_belief=0.4125 lr=2.37e-05
  epoch 3/3 step 337 L_belief=0.5523 lr=2.32e-05
  epoch 3/3 step 338 L_belief=0.5636 lr=2.27e-05
  epoch 3/3 step 339 L_belief=0.4276 lr=2.22e-05
  epoch 3/3 step 340 L_belief=0.5251 lr=2.17e-05
  epoch 3/3 step 341 L_belief=0.5674 lr=2.12e-05
  epoch 3/3 step 342 L_belief=0.4846 lr=2.08e-05
  epoch 3/3 step 343 L_belief=0.5472 lr=2.03e-05
  epoch 3/3 step 344 L_belief=0.4818 lr=1.98e-05
  epoch 3/3 step 345 L_belief=0.5682 lr=1.94e-05
  epoch 3/3 step 346 L_belief=0.4779 lr=1.89e-05
  epoch 3/3 step 347 L_belief=0.5177 lr=1.85e-05
  epoch 3/3 step 348 L_belief=0.3708 lr=1.80e-05
  epoch 3/3 step 349 L_belief=0.6872 lr=1.76e-05
  epoch 3/3 step 350 L_belief=0.4939 lr=1.71e-05
  epoch 3/3 step 351 L_belief=0.4997 lr=1.67e-05
  epoch 3/3 step 352 L_belief=0.5066 lr=1.63e-05
  epoch 3/3 step 353 L_belief=0.6010 lr=1.59e-05
  epoch 3/3 step 354 L_belief=0.6227 lr=1.55e-05
  epoch 3/3 step 355 L_belief=0.5117 lr=1.51e-05
  epoch 3/3 step 356 L_belief=0.5631 lr=1.46e-05
  epoch 3/3 step 357 L_belief=0.5457 lr=1.42e-05
  epoch 3/3 step 358 L_belief=0.4828 lr=1.39e-05
  epoch 3/3 step 359 L_belief=0.4594 lr=1.35e-05
  epoch 3/3 step 360 L_belief=0.4700 lr=1.31e-05
  epoch 3/3 step 361 L_belief=0.5106 lr=1.27e-05
  epoch 3/3 step 362 L_belief=0.4638 lr=1.23e-05
  epoch 3/3 step 363 L_belief=0.5079 lr=1.20e-05
  epoch 3/3 step 364 L_belief=0.4316 lr=1.16e-05
  epoch 3/3 step 365 L_belief=0.5019 lr=1.12e-05
  epoch 3/3 step 366 L_belief=0.5097 lr=1.09e-05
  epoch 3/3 step 367 L_belief=0.5263 lr=1.05e-05
  epoch 3/3 step 368 L_belief=0.3630 lr=1.02e-05
  epoch 3/3 step 369 L_belief=0.6830 lr=9.86e-06
  epoch 3/3 step 370 L_belief=0.5604 lr=9.52e-06
  epoch 3/3 step 371 L_belief=0.3056 lr=9.20e-06
  epoch 3/3 step 372 L_belief=0.5687 lr=8.88e-06
  epoch 3/3 step 373 L_belief=0.5451 lr=8.56e-06
  epoch 3/3 step 374 L_belief=0.5504 lr=8.25e-06
  epoch 3/3 step 375 L_belief=0.5470 lr=7.95e-06
  epoch 3/3 step 376 L_belief=0.4553 lr=7.65e-06
  epoch 3/3 step 377 L_belief=0.3968 lr=7.36e-06
  epoch 3/3 step 378 L_belief=0.5200 lr=7.07e-06
  epoch 3/3 step 379 L_belief=0.4178 lr=6.79e-06
  epoch 3/3 step 380 L_belief=0.5268 lr=6.51e-06
  epoch 3/3 step 381 L_belief=0.5911 lr=6.24e-06
  epoch 3/3 step 382 L_belief=0.5587 lr=5.97e-06
  epoch 3/3 step 383 L_belief=0.5991 lr=5.71e-06
  epoch 3/3 step 384 L_belief=0.4433 lr=5.46e-06
  epoch 3/3 step 385 L_belief=0.6068 lr=5.21e-06
  epoch 3/3 step 386 L_belief=0.4727 lr=4.97e-06
  epoch 3/3 step 387 L_belief=0.4995 lr=4.73e-06
  epoch 3/3 step 388 L_belief=0.5281 lr=4.50e-06
  epoch 3/3 step 389 L_belief=0.5312 lr=4.27e-06
  epoch 3/3 step 390 L_belief=0.4923 lr=4.05e-06
  epoch 3/3 step 391 L_belief=0.6055 lr=3.84e-06
  epoch 3/3 step 392 L_belief=0.5107 lr=3.63e-06
  epoch 3/3 step 393 L_belief=0.5926 lr=3.42e-06
  epoch 3/3 step 394 L_belief=0.4447 lr=3.23e-06
  epoch 3/3 step 395 L_belief=0.6047 lr=3.04e-06
  epoch 3/3 step 396 L_belief=0.5167 lr=2.85e-06
  epoch 3/3 step 397 L_belief=0.5219 lr=2.67e-06
  epoch 3/3 step 398 L_belief=0.5708 lr=2.49e-06
  epoch 3/3 step 399 L_belief=0.5271 lr=2.33e-06
  epoch 3/3 step 400 L_belief=0.4691 lr=2.16e-06
  epoch 3/3 step 401 L_belief=0.4810 lr=2.01e-06
  epoch 3/3 step 402 L_belief=0.4227 lr=1.86e-06
  epoch 3/3 step 403 L_belief=0.5483 lr=1.71e-06
  epoch 3/3 step 404 L_belief=0.4670 lr=1.57e-06
  epoch 3/3 step 405 L_belief=0.5931 lr=1.44e-06
  epoch 3/3 step 406 L_belief=0.5813 lr=1.31e-06
  epoch 3/3 step 407 L_belief=0.5530 lr=1.19e-06
  epoch 3/3 step 408 L_belief=0.5216 lr=1.07e-06
  epoch 3/3 step 409 L_belief=0.5191 lr=9.64e-07
  epoch 3/3 step 410 L_belief=0.5719 lr=8.60e-07
  epoch 3/3 step 411 L_belief=0.4543 lr=7.62e-07
  epoch 3/3 step 412 L_belief=0.3940 lr=6.70e-07
  epoch 3/3 step 413 L_belief=0.4136 lr=5.83e-07
  epoch 3/3 step 414 L_belief=0.4576 lr=5.03e-07
  epoch 3/3 step 415 L_belief=0.4790 lr=4.29e-07
  epoch 3/3 step 416 L_belief=0.4866 lr=3.60e-07
  epoch 3/3 step 417 L_belief=0.5063 lr=2.98e-07
  epoch 3/3 step 418 L_belief=0.4611 lr=2.41e-07
  epoch 3/3 step 419 L_belief=0.4804 lr=1.91e-07
  epoch 3/3 step 420 L_belief=0.5333 lr=1.46e-07
  epoch 3/3 step 421 L_belief=0.4285 lr=1.07e-07
  epoch 3/3 step 422 L_belief=0.5564 lr=7.45e-08
  epoch 3/3 step 423 L_belief=0.5492 lr=4.77e-08
  epoch 3/3 step 424 L_belief=0.5472 lr=2.68e-08
  epoch 3/3 step 425 L_belief=0.5517 lr=1.19e-08
  epoch 3/3 step 426 L_belief=0.4492 lr=2.98e-09
  epoch 3/3 step 427 L_belief=0.4917 lr=0.00e+00
[decoder.train] epoch 3/3 結束 -> train_L_belief(avg)=0.5276 val_L_belief=0.9712
[decoder.train] 訓練結束，最佳 checkpoint 是 epoch 2（val_L_belief=0.9306 最低的那次）-> C:\Users\User\Desktop\MultiFinRL\data\outputs\checkpoints\decoder
[decoder.train] 訓練報告 -> C:\Users\User\Desktop\MultiFinRL\data\outputs\metrics\decoder_train_report.json
